// Jest Snapshot v1, https://goo.gl/fbAQLP

exports[`renders correctly 1`] = `
<div
  className="App"
>
  <header
    className="App-header"
  />
  <nav
    className="sc-bdfCDU jiOisg"
  >
    <div
      className="sc-eCstZk kIeQuv"
    >
      <div
        onClick={[Function]}
        style={
          Object {
            "backgroundColor": "red",
            "borderRadius": "50%",
            "cursor": "pointer",
            "height": "90px",
            "overflow": "hidden",
            "width": "90px",
          }
        }
      >
        <img
          alt=""
          src="kitty.jpeg"
          style={
            Object {
              "height": "100%",
              "objectFit": "cover",
              "width": "100%",
            }
          }
        />
      </div>
    </div>
    <div
      className="sc-hKgKIp qPTPQ"
    >
      <a
        activeStyle={true}
        className="sc-gsTDqH eDmdeY"
        href="/about"
        onClick={[Function]}
      >
        About
      </a>
      <a
        activeStyle={true}
        className="sc-gsTDqH eDmdeY"
        href="/contact"
        onClick={[Function]}
      >
        Contact Us
      </a>
      <a
        activeStyle={true}
        className="sc-gsTDqH eDmdeY"
        href="/TasksViewPage"
        onClick={[Function]}
      >
        TaskView
      </a>
      <a
        activeStyle={true}
        className="sc-gsTDqH eDmdeY"
        href="/signup"
        onClick={[Function]}
      >
        Sign Up
      </a>
    </div>
  </nav>
  <div>
    <img
      alt="gif"
      className="App-logo"
      src="80cat.gif"
    />
    <div
      style={
        Object {
          "height": 40,
        }
      }
    />
  </div>
</div>
`;
